00 00 1 0007FFFF FFF80000 00000001
01 01 0 000FFFFF FFF80000 00000001
02 02 0 001FFFFF FFF80000 00000001
03 03 0 003FFFFF FFF80000 00000001
04 04 0 007FFFFF FFF80000 00000001
05 05 0 00FFFFFF FFF80000 00000001
06 06 0 01FFFFFF FFF80000 00000001
07 07 0 03FFFFFF FFF80000 00000001
08 08 0 07FFFFFF FFF80000 00000001
09 09 0 0FFFFFFF FFF80000 00000001
0A 0A 0 1FFFFFFF FFF80000 00000001
0B 0B 0 3FFFFFFF FFF80000 00000001
0C 0C 0 7FFFFFFF FFF80000 00000001
0D 0D 0 FFFFFFFF FFF80000 00000001
0E 0E 0 FFFFFFFF FFF80000 00000001
0F 0F 0 FFFFFFFF FFF80000 00000001
10 10 0 FFFFFFFF FFF80000 00000001
11 11 0 FFFFFFFF FFF80000 00000001
12 12 0 FFFFFFFF FFF80000 00000001
13 13 1 FFFFFFFE 00000000 00080001
14 14 0 FFFFFFFC 00000000 00080001
15 15 0 FFFFFFF8 00000000 00080001
16 16 0 FFFFFFF0 00000000 00080001
17 17 0 FFFFFFE0 00000000 00080001
18 18 0 FFFFFFC0 00000000 00080001
19 19 0 FFFFFF80 00000000 00080001
1A 1A 0 FFFFFF00 00000000 00080001
1B 1B 0 FFFFFE00 00000000 00080001
1C 1C 0 FFFFFC00 00000000 00080001
1D 1D 0 FFFFF800 00000000 00080001
1E 1E 0 FFFFF000 00000000 00080001
1F 1F 0 FFFFE000 00000000 00080001
