00 00 1 00000003 FFFFFFFC 00000001
01 02 1 0000000C FFFFFFF0 00000005
02 04 1 00000010 FFFFFFE0 00000015
03 06 1 000000C0 FFFFFF20 00000055
04 01 0 00000003 FFFFFF20 00000055
05 03 0 0000000C FFFFFF20 00000055
06 05 1 00000020 FFFFFF00 00000075
07 07 0 000000C0 FFFFFF00 00000075
08 1F 1 80000000 7FFFFF00 80000075
09 1E 1 40000000 3FFFFF00 C0000075
0A 1D 1 20000000 1FFFFF00 E0000075
0B 1C 1 10000000 0FFFFF00 F0000075
0C 1B 1 08000000 07FFFF00 F8000075
0D 1A 1 04000000 03FFFF00 FC000075
0E 19 1 02000000 01FFFF00 FE000075
0F 18 1 01000000 00FFFF00 FF000075
10 17 1 00800000 007FFF00 FF800075
11 16 1 00400000 003FFF00 FFC00075
12 15 1 00200000 001FFF00 FFE00075
13 14 1 00100000 000FFF00 FFF00075
14 13 1 00080000 0007FF00 FFF80075
15 12 1 00040000 0003FF00 FFFC0075
16 11 1 00020000 0001FF00 FFFE0075
17 10 1 00010000 0000FF00 FFFF0075
18 0F 1 00008000 00007F00 FFFF8075
19 0E 1 00004000 00003F00 FFFFC075
1A 0D 1 00002000 00001F00 FFFFE075
1B 0C 1 00001000 00000F00 FFFFF075
1C 0B 1 00000800 00000700 FFFFF875
1D 0A 1 00000400 00000300 FFFFFC75
1E 09 1 00000200 00000100 FFFFFE75
1F 08 1 00000100 00000000 FFFFFF75
