00 00 1 0000013F FFFFFEC0 00000001
01 01 0 0000013F FFFFFEC0 00000001
02 02 0 0000013F FFFFFEC0 00000001
03 03 0 0000013F FFFFFEC0 00000001
04 04 0 0000013F FFFFFEC0 00000001
05 05 0 0000013F FFFFFEC0 00000001
06 06 1 00000040 FFFFFE80 00000041
07 07 1 00000080 FFFFFE00 000000C1
08 08 0 0000013F FFFFFE00 000000C1
09 1F 1 80000000 7FFFFE00 800000C1
0A 1E 1 40000000 3FFFFE00 C00000C1
0B 1D 1 20000000 1FFFFE00 E00000C1
0C 1C 1 10000000 0FFFFE00 F00000C1
0D 1B 1 08000000 07FFFE00 F80000C1
0E 1A 1 04000000 03FFFE00 FC0000C1
0F 19 1 02000000 01FFFE00 FE0000C1
10 18 1 01000000 00FFFE00 FF0000C1
11 17 1 00800000 007FFE00 FF8000C1
12 16 1 00400000 003FFE00 FFC000C1
13 15 1 00200000 001FFE00 FFE000C1
14 14 1 00100000 000FFE00 FFF000C1
15 13 1 00080000 0007FE00 FFF800C1
16 12 1 00040000 0003FE00 FFFC00C1
17 11 1 00020000 0001FE00 FFFE00C1
18 10 1 00010000 0000FE00 FFFF00C1
19 0F 1 00008000 00007E00 FFFF80C1
1A 0E 1 00004000 00003E00 FFFFC0C1
1B 0D 1 00002000 00001E00 FFFFE0C1
1C 0C 1 00001000 00000E00 FFFFF0C1
1D 0B 1 00000800 00000600 FFFFF8C1
1E 0A 1 00000400 00000200 FFFFFCC1
1F 09 1 00000200 00000000 FFFFFEC1
