00 00 1 00000001 FFFFFFFE 00000001
01 01 1 00000002 FFFFFFFC 00000003
02 02 1 00000004 FFFFFFF8 00000007
03 03 1 00000008 FFFFFFF0 0000000F
04 04 1 00000010 FFFFFFE0 0000001F
05 05 1 00000020 FFFFFFC0 0000003F
06 06 1 00000040 FFFFFF80 0000007F
07 07 1 00000080 FFFFFF00 000000FF
08 08 1 00000100 FFFFFE00 000001FF
09 09 1 00000200 FFFFFC00 000003FF
0A 0A 1 00000400 FFFFF800 000007FF
0B 0B 1 00000800 FFFFF000 00000FFF
0C 0C 1 00001000 FFFFE000 00001FFF
0D 0D 1 00002000 FFFFC000 00003FFF
0E 0E 1 00004000 FFFF8000 00007FFF
0F 0F 1 00008000 FFFF0000 0000FFFF
10 10 1 00010000 FFFE0000 0001FFFF
11 11 1 00020000 FFFC0000 0003FFFF
12 12 1 00040000 FFF80000 0007FFFF
13 13 1 00080000 FFF00000 000FFFFF
14 14 1 00100000 FFE00000 001FFFFF
15 15 1 00200000 FFC00000 003FFFFF
16 16 1 00400000 FF800000 007FFFFF
17 17 1 00800000 FF000000 00FFFFFF
18 18 1 01000000 FE000000 01FFFFFF
19 19 1 02000000 FC000000 03FFFFFF
1A 1A 1 04000000 F8000000 07FFFFFF
1B 1B 1 08000000 F0000000 0FFFFFFF
1C 1C 1 10000000 E0000000 1FFFFFFF
1D 1D 1 20000000 C0000000 3FFFFFFF
1E 1E 1 40000000 80000000 7FFFFFFF
1F 1F 1 80000000 00000000 FFFFFFFF
