00 12 1 010C1000 FEF3EFFF 00040000
01 0D 1 00087080 FEF38F7F 00042000
02 0A 1 00010E10 FEF2816F 00042400
03 15 1 08708000 F682016F 00242400
04 0B 0 00020C20 F682016F 00242400
05 14 0 04384000 F682016F 00242400
06 0C 0 00043040 F682016F 00242400
07 11 1 00830800 F600016F 00262400
08 03 1 0000021C F6000163 00262408
09 1F 1 C2000000 34000163 80262408
0A 1C 1 38400000 04000163 90262408
0B 13 0 021C2000 04000163 90262408
0C 05 1 00000830 04000143 90262428
0D 0E 0 0010E100 04000143 90262428
0E 06 1 000010C1 04000102 90262468
0F 18 0 43040000 04000102 90262468
10 19 0 87080000 04000102 90262468
11 07 0 000021C2 04000102 90262468
12 17 0 20C20000 04000102 90262468
13 1B 0 1C200000 04000102 90262468
14 1D 0 30800000 04000102 90262468
15 04 0 00000438 04000102 90262468
16 16 0 10E10000 04000102 90262468
17 09 0 00008708 04000102 90262468
18 1E 0 C1000000 04000102 90262468
19 01 1 00000087 04000100 9026246A
1A 02 0 0000010E 04000100 9026246A
1B 00 0 00000043 04000100 9026246A
1C 08 1 00004384 04000000 9026256A
1D 0F 0 0021C200 04000000 9026256A
1E 10 0 00438400 04000000 9026256A
1F 1A 1 0E100000 00000000 9426256A
