00 00 0 000000FF 00000000 00000000
01 10 0 00FF0000 00000000 00000000
02 08 0 0000FF00 00000000 00000000
03 18 0 1F000000 00000000 00000000
04 01 0 000000FF 00000000 00000000
05 09 0 0000FF00 00000000 00000000
06 11 0 00FF0000 00000000 00000000
07 02 0 000000FF 00000000 00000000
08 19 0 1F000000 00000000 00000000
09 0A 0 0000FF00 00000000 00000000
0A 12 0 00FF0000 00000000 00000000
0B 1D 0 20000000 00000000 00000000
0C 1A 0 1F000000 00000000 00000000
0D 0B 0 0000FF00 00000000 00000000
0E 03 0 000000FF 00000000 00000000
0F 13 0 00FF0000 00000000 00000000
10 04 0 000000FF 00000000 00000000
11 1B 0 1F000000 00000000 00000000
12 0C 0 0000FF00 00000000 00000000
13 14 0 00FF0000 00000000 00000000
14 05 0 000000FF 00000000 00000000
15 0D 0 0000FF00 00000000 00000000
16 15 0 00FF0000 00000000 00000000
17 1C 0 1F000000 00000000 00000000
18 0E 0 0000FF00 00000000 00000000
19 06 0 000000FF 00000000 00000000
1A 16 0 00FF0000 00000000 00000000
1B 1E 0 40000000 00000000 00000000
1C 07 0 000000FF 00000000 00000000
1D 0F 0 0000FF00 00000000 00000000
1E 17 0 00FF0000 00000000 00000000
1F 1F 0 80000000 00000000 00000000
