00 00 1 000000FF FFFFFF00 00000001
01 10 1 00FF0000 FF00FF00 00010001
02 08 1 0000FF00 FF000000 00010101
03 18 1 1F000000 E0000000 01010101
04 01 0 000000FF E0000000 01010101
05 09 0 0000FF00 E0000000 01010101
06 11 0 00FF0000 E0000000 01010101
07 02 0 000000FF E0000000 01010101
08 19 0 1F000000 E0000000 01010101
09 0A 0 0000FF00 E0000000 01010101
0A 12 0 00FF0000 E0000000 01010101
0B 1D 1 20000000 C0000000 21010101
0C 1A 0 1F000000 C0000000 21010101
0D 0B 0 0000FF00 C0000000 21010101
0E 03 0 000000FF C0000000 21010101
0F 13 0 00FF0000 C0000000 21010101
10 04 0 000000FF C0000000 21010101
11 1B 0 1F000000 C0000000 21010101
12 0C 0 0000FF00 C0000000 21010101
13 14 0 00FF0000 C0000000 21010101
14 05 0 000000FF C0000000 21010101
15 0D 0 0000FF00 C0000000 21010101
16 15 0 00FF0000 C0000000 21010101
17 1C 0 1F000000 C0000000 21010101
18 0E 0 0000FF00 C0000000 21010101
19 06 0 000000FF C0000000 21010101
1A 16 0 00FF0000 C0000000 21010101
1B 1E 1 40000000 80000000 61010101
1C 07 0 000000FF 80000000 61010101
1D 0F 0 0000FF00 80000000 61010101
1E 17 0 00FF0000 80000000 61010101
1F 1F 1 80000000 00000000 E1010101
