00 00 1 000000FF 0000FF00 00000001
01 10 0 00FF0000 0000FF00 00000001
02 08 1 0000FF00 00000000 00000101
03 18 0 1F000000 00000000 00000101
04 01 0 000000FF 00000000 00000101
05 09 0 0000FF00 00000000 00000101
06 11 0 00FF0000 00000000 00000101
07 02 0 000000FF 00000000 00000101
08 19 0 1F000000 00000000 00000101
09 0A 0 0000FF00 00000000 00000101
0A 12 0 00FF0000 00000000 00000101
0B 1D 0 20000000 00000000 00000101
0C 1A 0 1F000000 00000000 00000101
0D 0B 0 0000FF00 00000000 00000101
0E 03 0 000000FF 00000000 00000101
0F 13 0 00FF0000 00000000 00000101
10 04 0 000000FF 00000000 00000101
11 1B 0 1F000000 00000000 00000101
12 0C 0 0000FF00 00000000 00000101
13 14 0 00FF0000 00000000 00000101
14 05 0 000000FF 00000000 00000101
15 0D 0 0000FF00 00000000 00000101
16 15 0 00FF0000 00000000 00000101
17 1C 0 1F000000 00000000 00000101
18 0E 0 0000FF00 00000000 00000101
19 06 0 000000FF 00000000 00000101
1A 16 0 00FF0000 00000000 00000101
1B 1E 0 40000000 00000000 00000101
1C 07 0 000000FF 00000000 00000101
1D 0F 0 0000FF00 00000000 00000101
1E 17 0 00FF0000 00000000 00000101
1F 1F 0 80000000 00000000 00000101
