00 0B 1 00000800 FFFFF7FF 00000800
01 0C 1 20001000 DFFFE7FF 00001800
02 1A 1 04000000 DBFFE7FF 04001800
03 02 1 00000004 DBFFE7FB 04001804
04 17 1 00800000 DB7FE7FB 04801804
05 14 1 00100000 DB6FE7FB 04901804
06 06 1 00000040 DB6FE7BB 04901844
07 15 1 00200020 DB4FE79B 04B01844
08 0D 1 00002000 DB4FC79B 04B03844
09 08 1 00000100 DB4FC69B 04B03944
0A 1B 1 08000000 D34FC69B 0CB03944
0B 0F 1 00008010 D34F468B 0CB0B944
0C 03 1 00000008 D34F4683 0CB0B94C
0D 01 1 00000002 D34F4681 0CB0B94E
0E 1F 1 80000000 534F4681 8CB0B94E
0F 11 1 00020000 534D4681 8CB2B94E
10 1E 1 40000000 134D4681 CCB2B94E
11 09 1 00000200 134D4481 CCB2BB4E
12 05 0 00200020 134D4481 CCB2BB4E
13 07 1 00000080 134D4401 CCB2BBCE
14 13 1 00080001 13454400 CCBABBCE
15 19 1 02000000 11454400 CEBABBCE
16 12 1 00040000 11414400 CEBEBBCE
17 1D 0 20001000 11414400 CEBEBBCE
18 1C 1 10000000 01414400 DEBEBBCE
19 10 1 00010000 01404400 DEBFBBCE
1A 04 0 00008010 01404400 DEBFBBCE
1B 00 0 00080001 01404400 DEBFBBCE
1C 0A 1 00000400 01404000 DEBFBFCE
1D 16 1 00400000 01004000 DEFFBFCE
1E 0E 1 00004000 01000000 DEFFFFCE
1F 18 1 01000000 00000000 DFFFFFCE
