00 1C 1 10000000 EFFFFFFF 10000000
01 1A 1 04000000 EBFFFFFF 14000000
02 13 1 00080000 EBF7FFFF 14080000
03 0D 1 00002004 EBF7DFFB 14082000
04 18 1 01000000 EAF7DFFB 15082000
05 05 1 00000020 EAF7DFDB 15082020
06 0B 1 00000800 EAF7D7DB 15082820
07 09 1 00000200 EAF7D5DB 15082A20
08 12 1 00040000 EAF3D5DB 150C2A20
09 14 1 00100000 EAE3D5DB 151C2A20
0A 1D 1 20000000 CAE3D5DB 351C2A20
0B 10 1 00010000 CAE2D5DB 351D2A20
0C 01 1 00000002 CAE2D5D9 351D2A22
0D 08 1 00000100 CAE2D4D9 351D2B22
0E 16 1 00400000 CAA2D4D9 355D2B22
0F 0C 1 00001000 CAA2C4D9 355D3B22
10 0E 1 00004000 CAA284D9 355D7B22
11 15 1 00200000 CA8284D9 357D7B22
12 1B 1 08000000 C28284D9 3D7D7B22
13 0A 1 00000400 C28280D9 3D7D7F22
14 19 1 02000000 C08280D9 3F7D7F22
15 03 1 00000008 C08280D1 3F7D7F2A
16 00 1 00000001 C08280D0 3F7D7F2B
17 0F 1 00008000 C08200D0 3F7DFF2B
18 1E 1 40000000 808200D0 7F7DFF2B
19 06 1 00000040 80820090 7F7DFF6B
1A 04 1 00000010 80820080 7F7DFF7B
1B 1F 1 80000000 00820080 FF7DFF7B
1C 11 1 00020000 00800080 FF7FFF7B
1D 07 1 00000080 00800000 FF7FFFFB
1E 02 0 00002004 00800000 FF7FFFFB
1F 17 1 00800000 00000000 FFFFFFFB
