00 11 1 00020000 FFFDFFFF 00020000
01 01 1 00000002 FFFDFFFD 00020002
02 00 1 00000001 FFFDFFFC 00020003
03 07 1 00000080 FFFDFF7C 00020083
04 1C 1 10000000 EFFDFF7C 10020083
05 13 1 00080000 EFF5FF7C 100A0083
06 0E 1 00004000 EFF5BF7C 100A4083
07 0C 1 00001000 EFF5AF7C 100A5083
08 04 1 00000010 EFF5AF6C 100A5093
09 1D 1 20000000 CFF5AF6C 300A5093
0A 1A 1 04000000 CBF5AF6C 340A5093
0B 1E 1 40000000 8BF5AF6C 740A5093
0C 17 1 00800000 8B75AF6C 748A5093
0D 08 1 00000100 8B75AE6C 748A5193
0E 0A 1 00000400 8B75AA6C 748A5593
0F 02 1 00000004 8B75AA68 748A5597
10 0B 1 00000800 8B75A268 748A5D97
11 0D 1 80002000 0B758268 748A7D97
12 16 1 00400000 0B358268 74CA7D97
13 05 1 00000020 0B358248 74CA7DB7
14 18 1 01000000 0A358248 75CA7DB7
15 0F 1 00008000 0A350248 75CAFDB7
16 19 1 02000000 08350248 77CAFDB7
17 09 1 00000200 08350048 77CAFFB7
18 03 1 00000008 08350040 77CAFFBF
19 15 1 00200000 08150040 77EAFFBF
1A 06 1 00000040 08150000 77EAFFFF
1B 10 1 00010000 08140000 77EBFFFF
1C 1B 1 08000000 00140000 7FEBFFFF
1D 14 1 00100000 00040000 7FFBFFFF
1E 12 1 00040000 00000000 7FFFFFFF
1F 1F 0 80002000 00000000 7FFFFFFF
