00 15 1 00200000 FFDFFFFF 00200000
01 00 1 00000001 FFDFFFFE 00200001
02 1A 1 04000000 FBDFFFFE 04200001
03 0C 1 00001000 FBDFEFFE 04201001
04 07 1 00000080 FBDFEF7E 04201081
05 12 1 00040000 FBDBEF7E 04241081
06 11 1 00020000 FBD9EF7E 04261081
07 1E 1 40000000 BBD9EF7E 44261081
08 08 1 00000100 BBD9EE7E 44261181
09 14 1 00100000 BBC9EE7E 44361181
0A 0E 1 00004000 BBC9AE7E 44365181
0B 16 1 00400000 BB89AE7E 44765181
0C 09 1 00000200 BB89AC7E 44765381
0D 0B 1 00000800 BB89A47E 44765B81
0E 0F 1 00008000 BB89247E 4476DB81
0F 02 1 00000004 BB89247A 4476DB85
10 06 1 00000040 BB89243A 4476DBC5
11 04 1 00000010 BB89242A 4476DBD5
12 10 1 00810000 BB08242A 4477DBD5
13 03 1 00000008 BB082422 4477DBDD
14 1B 1 08000000 B3082422 4C77DBDD
15 13 1 00080000 B3002422 4C7FDBDD
16 1D 1 20000000 93002422 6C7FDBDD
17 18 1 01000000 92002422 6D7FDBDD
18 01 1 00000002 92002420 6D7FDBDF
19 19 1 02000000 90002420 6F7FDBDF
1A 17 0 00810000 90002420 6F7FDBDF
1B 0A 1 00000400 90002020 6F7FDFDF
1C 05 1 00000020 90002000 6F7FDFFF
1D 1F 1 80000000 10002000 EF7FDFFF
1E 0D 1 00002000 10000000 EF7FFFFF
1F 1C 1 10000000 00000000 FF7FFFFF
