00 0F 1 00088000 FFF77FFF 00008000
01 18 1 01000000 FEF77FFF 01008000
02 09 1 00000200 FEF77DFF 01008200
03 00 1 00000021 FEF77DDE 01008201
04 06 1 00000040 FEF77D9E 01008241
05 1C 1 10002000 EEF75D9E 11008241
06 0C 1 00801000 EE774D9E 11009241
07 13 0 00888000 EE774D9E 11009241
08 10 1 00010000 EE764D9E 11019241
09 0B 1 00000800 EE76459E 11019A41
0A 02 1 00000004 EE76459A 11019A45
0B 1D 1 20000000 CE76459A 31019A45
0C 0E 1 00004000 CE76059A 3101DA45
0D 03 1 00000008 CE760592 3101DA4D
0E 12 1 80040000 4E720592 3105DA4D
0F 05 0 00000021 4E720592 3105DA4D
10 14 1 00100000 4E620592 3115DA4D
11 08 1 00000500 4E620092 3115DB4D
12 19 1 02000000 4C620092 3315DB4D
13 16 1 00400000 4C220092 3355DB4D
14 04 1 00000010 4C220082 3355DB5D
15 01 1 00000002 4C220080 3355DB5F
16 1F 0 80040000 4C220080 3355DB5F
17 1A 1 04000000 48220080 3755DB5F
18 1E 1 40000000 08220080 7755DB5F
19 0D 0 10002000 08220080 7755DB5F
1A 0A 0 00000500 08220080 7755DB5F
1B 11 1 00020000 08200080 7757DB5F
1C 15 1 00200000 08000080 7777DB5F
1D 17 0 00881000 08000080 7777DB5F
1E 1B 1 08000000 00000080 7F77DB5F
1F 07 1 00000080 00000000 7F77DBDF
