00 13 1 00080000 FFF7FFFF 00080000
01 0D 1 00002000 FFF7DFFF 00082000
02 08 1 00000100 FFF7DEFF 00082100
03 0F 1 00008000 FFF75EFF 0008A100
04 0E 1 00004000 FFF71EFF 0008E100
05 1A 1 04000000 FBF71EFF 0408E100
06 1D 1 20000000 DBF71EFF 2408E100
07 04 1 00000010 DBF71EEF 2408E110
08 16 1 00400000 DBB71EEF 2448E110
09 19 1 02000000 D9B71EEF 2648E110
0A 1B 1 08000000 D1B71EEF 2E48E110
0B 03 1 00000008 D1B71EE7 2E48E118
0C 0A 1 00000400 D1B71AE7 2E48E518
0D 07 1 01000080 D0B71A67 2E48E598
0E 05 1 00000020 D0B71A47 2E48E5B8
0F 15 1 00200000 D0971A47 2E68E5B8
10 11 1 00020200 D0951847 2E6AE5B8
11 06 1 00000040 D0951807 2E6AE5F8
12 1F 1 80000000 50951807 AE6AE5F8
13 14 1 00100000 50851807 AE7AE5F8
14 18 0 01000080 50851807 AE7AE5F8
15 00 1 00000001 50851806 AE7AE5F9
16 01 1 00000002 50851804 AE7AE5FB
17 0C 1 00001000 50850804 AE7AF5FB
18 0B 1 00000800 50850004 AE7AFDFB
19 12 1 00040000 50810004 AE7EFDFB
1A 09 0 00020200 50810004 AE7EFDFB
1B 1C 1 10000000 40810004 BE7EFDFB
1C 17 1 40800000 00010004 BEFEFDFB
1D 02 1 00000004 00010000 BEFEFDFF
1E 10 1 00010000 00000000 BEFFFDFF
1F 1E 0 40800000 00000000 BEFFFDFF
