00 0E 1 00004000 FFFFBFFF 00004000
01 00 1 00000001 FFFFBFFE 00004001
02 16 1 00400008 FFBFBFF6 00404001
03 09 1 00000200 FFBFBDF6 00404201
04 11 1 00020000 FFBDBDF6 00424201
05 19 1 02000000 FDBDBDF6 02424201
06 12 1 00040000 FDB9BDF6 02464201
07 02 1 08000004 F5B9BDF2 02464205
08 05 1 00008020 F5B93DD2 02464225
09 0D 1 00002000 F5B91DD2 02466225
0A 14 1 00100000 F5A91DD2 02566225
0B 10 1 00010000 F5A81DD2 02576225
0C 1C 1 10000000 E5A81DD2 12576225
0D 1F 1 80000000 65A81DD2 92576225
0E 13 1 00080000 65A01DD2 925F6225
0F 15 1 00200000 65801DD2 927F6225
10 17 1 00800400 650019D2 92FF6225
11 1B 0 08000004 650019D2 92FF6225
12 06 1 000000C0 65001912 92FF6265
13 07 0 000000C0 65001912 92FF6265
14 0B 1 00000800 65001112 92FF6A65
15 1A 1 04000000 61001112 96FF6A65
16 01 1 00000002 61001110 96FF6A67
17 1E 1 40000000 21001110 D6FF6A67
18 04 1 00000010 21001100 D6FF6A77
19 0C 1 00001000 21000100 D6FF7A77
1A 03 0 00400008 21000100 D6FF7A77
1B 08 1 00000100 21000000 D6FF7B77
1C 1D 1 20000000 01000000 F6FF7B77
1D 0A 0 00800400 01000000 F6FF7B77
1E 18 1 01000000 00000000 F7FF7B77
1F 0F 0 00008020 00000000 F7FF7B77
