00 1C 1 10000000 EFFFFFFF 10000000
01 0B 1 00000800 EFFFF7FF 10000800
02 1A 1 04000000 EBFFF7FF 14000800
03 18 1 01000000 EAFFF7FF 15000800
04 1D 1 20000000 CAFFF7FF 35000800
05 08 1 00000100 CAFFF6FF 35000900
06 13 1 00080000 CAF7F6FF 35080900
07 0F 1 00008000 CAF776FF 35088900
08 11 1 00020000 CAF576FF 350A8900
09 0A 1 00000400 CAF572FF 350A8D00
0A 0E 1 00004000 CAF532FF 350ACD00
0B 14 1 00100000 CAE532FF 351ACD00
0C 00 1 00000001 CAE532FE 351ACD01
0D 01 1 00000002 CAE532FC 351ACD03
0E 06 1 00000040 CAE532BC 351ACD43
0F 12 1 00040000 CAE132BC 351ECD43
10 1F 1 C0000000 0AE132BC B51ECD43
11 19 1 02000000 08E132BC B71ECD43
12 0C 1 00001000 08E122BC B71EDD43
13 0D 1 00002000 08E102BC B71EFD43
14 1E 0 C0000000 08E102BC B71EFD43
15 1B 1 08000000 00E102BC BF1EFD43
16 02 1 00000004 00E102B8 BF1EFD47
17 03 1 00000008 00E102B0 BF1EFD4F
18 15 1 00200000 00C102B0 BF3EFD4F
19 10 1 00010000 00C002B0 BF3FFD4F
1A 17 1 00800000 004002B0 BFBFFD4F
1B 04 1 00000010 004002A0 BFBFFD5F
1C 05 1 00000020 00400280 BFBFFD7F
1D 16 1 00400000 00000280 BFFFFD7F
1E 07 1 00000080 00000200 BFFFFDFF
1F 09 1 00000200 00000000 BFFFFFFF
