00 07 1 00000080 FFFFFF7F 00000080
01 1F 1 80000000 7FFFFF7F 80000080
02 16 1 00400000 7FBFFF7F 80400080
03 1E 1 42000000 3DBFFF7F C0400080
04 18 1 01000000 3CBFFF7F C1400080
05 03 1 00000008 3CBFFF77 C1400088
06 09 1 00000200 3CBFFD77 C1400288
07 1A 1 04000000 38BFFD77 C5400288
08 10 1 00010000 38BEFD77 C5410288
09 06 1 00000040 38BEFD37 C54102C8
0A 0B 1 00000800 38BEF537 C5410AC8
0B 0F 1 00008000 38BE7537 C5418AC8
0C 19 0 42000000 38BE7537 C5418AC8
0D 12 1 00040000 38BA7537 C5458AC8
0E 0D 1 00002000 38BA5537 C545AAC8
0F 01 1 00000002 38BA5535 C545AACA
10 08 1 00200100 389A5435 C545ABCA
11 15 0 00200100 389A5435 C545ABCA
12 05 1 00000020 389A5415 C545ABEA
13 1B 1 08000000 309A5415 CD45ABEA
14 04 1 00000010 309A5405 CD45ABFA
15 13 1 00080000 30925405 CD4DABFA
16 1C 1 10000000 20925405 DD4DABFA
17 0C 1 00001000 20924405 DD4DBBFA
18 14 1 00100000 20824405 DD5DBBFA
19 0E 1 00004000 20820405 DD5DFBFA
1A 17 1 00800000 20020405 DDDDFBFA
1B 0A 1 00000400 20020005 DDDDFFFA
1C 11 1 00020000 20000005 DDDFFFFA
1D 02 1 00000004 20000001 DDDFFFFE
1E 1D 1 20000000 00000001 FDDFFFFE
1F 00 1 00000001 00000000 FDDFFFFF
