00 0A 1 00000400 FFFFFBFF 00000400
01 10 1 00010000 FFFEFBFF 00010400
02 0C 1 00001000 FFFEEBFF 00011400
03 08 1 00000100 FFFEEAFF 00011500
04 00 1 00000001 FFFEEAFE 00011501
05 02 1 00000004 FFFEEAFA 00011505
06 04 1 00000010 FFFEEAEA 00011515
07 03 1 00000008 FFFEEAE2 0001151D
08 07 1 00000080 FFFEEA62 0001159D
09 05 1 00000020 FFFEEA42 000115BD
0A 1C 1 10000000 EFFEEA42 100115BD
0B 1A 1 04000000 EBFEEA42 140115BD
0C 1E 1 40000000 ABFEEA42 540115BD
0D 0D 1 00002000 ABFECA42 540135BD
0E 18 1 01000000 AAFECA42 550135BD
0F 14 1 00100000 AAEECA42 551135BD
10 11 1 00020000 AAECCA42 551335BD
11 0B 1 00000800 AAECC242 55133DBD
12 19 1 02000000 A8ECC242 57133DBD
13 17 1 00800000 A86CC242 57933DBD
14 01 1 00000002 A86CC240 57933DBF
15 0E 1 00004000 A86C8240 57937DBF
16 0F 1 00008000 A86C0240 5793FDBF
17 06 1 00000040 A86C0200 5793FDFF
18 15 1 00200000 A84C0200 57B3FDFF
19 16 1 00400000 A80C0200 57F3FDFF
1A 1D 1 20000000 880C0200 77F3FDFF
1B 1F 1 80000000 080C0200 F7F3FDFF
1C 1B 1 08000000 000C0200 FFF3FDFF
1D 09 1 00000200 000C0000 FFF3FFFF
1E 12 1 00040000 00080000 FFF7FFFF
1F 13 1 00080000 00000000 FFFFFFFF
