00 03 1 000000FF FFFFFF00 00000008
01 04 0 000000FF FFFFFF00 00000008
02 0B 1 0000FF00 FFFF0000 00000808
03 0C 0 0000FF00 FFFF0000 00000808
04 13 1 00FF0000 FF000000 00080808
05 14 0 00FF0000 FF000000 00080808
06 1B 1 FF000000 00000000 08080808
07 1C 0 FF000000 00000000 08080808
08 00 0 000000FF 00000000 08080808
09 01 0 000000FF 00000000 08080808
0A 02 0 000000FF 00000000 08080808
0B 08 0 0000FF00 00000000 08080808
0C 09 0 0000FF00 00000000 08080808
0D 0A 0 0000FF00 00000000 08080808
0E 10 0 00FF0000 00000000 08080808
0F 11 0 00FF0000 00000000 08080808
10 12 0 00FF0000 00000000 08080808
11 18 0 FF000000 00000000 08080808
12 19 0 FF000000 00000000 08080808
13 1A 0 FF000000 00000000 08080808
14 05 0 000000FF 00000000 08080808
15 06 0 000000FF 00000000 08080808
16 07 0 000000FF 00000000 08080808
17 0D 0 0000FF00 00000000 08080808
18 0E 0 0000FF00 00000000 08080808
19 0F 0 0000FF00 00000000 08080808
1A 15 0 00FF0000 00000000 08080808
1B 16 0 00FF0000 00000000 08080808
1C 17 0 00FF0000 00000000 08080808
1D 1D 0 FF000000 00000000 08080808
1E 1E 0 FF000000 00000000 08080808
1F 1F 0 FF000000 00000000 08080808
